// Jest Snapshot v1, https://goo.gl/fbAQLP

exports[`renders correctly 1`] = `
<View
  style={
    {
      "position": "absolute",
    }
  }
>
  <Modal
    animationType="none"
    hardwareAccelerated={false}
    transparent={true}
    visible={true}
  >
    <View
      style={
        {
          "position": "absolute",
          "right": "40%",
          "top": "30%",
        }
      }
    >
      <View
        style={
          {
            "alignItems": "center",
            "backgroundColor": "white",
            "borderRadius": 20,
            "borderStyle": "solid",
            "elevation": 5,
            "shadowColor": "#000",
            "shadowOffset": {
              "height": 2,
              "width": 0,
            },
            "shadowOpacity": 0.25,
            "shadowRadius": 4,
          }
        }
      >
        <ActivityIndicator
          color="#00ff00"
          size="large"
          style={
            {
              "padding": 35,
            }
          }
        />
      </View>
    </View>
  </Modal>
</View>
`;

exports[`renders correctly 2`] = `
<View>
  <View
    style={
      {
        "backgroundColor": "#fff",
        "flexDirection": "row",
        "gap": 8,
      }
    }
  >
    <TextInput
      onChangeText={[Function]}
      placeholder="First Name"
      placeholderTextColor="#e0e0e0"
      style={
        {
          "borderBottomColor": "#000",
          "borderStyle": "solid",
          "borderWidth": 1,
          "color": "#000",
          "flexBasis": "50%",
          "height": 36,
          "marginHorizontal": 1,
        }
      }
    />
    <TextInput
      onChangeText={[Function]}
      placeholder="Last Name"
      placeholderTextColor="#e0e0e0"
      style={
        {
          "borderBottomColor": "#000",
          "borderStyle": "solid",
          "borderWidth": 1,
          "color": "#000",
          "flexBasis": "50%",
          "height": 36,
          "marginHorizontal": 1,
        }
      }
    />
  </View>
</View>
`;
